debug_sailing: waiting for a debugger (Runtime.runIfWaitingForDebugger)
pocket-cdp: client 1 attached
pocket-cdp <- {"id":1002,"method":"NodeWorker.enable","params":{"waitForDebuggerOnStart":true}}
pocket-cdp -> {"id":1002,"result":{}}
pocket-cdp <- {"id":1003,"method":"Runtime.enable","params":{}}
pocket-cdp -> {"method":"Runtime.executionContextCreated","params":{"context":{"auxData":{"isDefault":true},"id":1,"name":"Pocket3D: sailing","origin":"","uniqueId":"pocket-game-1"}}}
pocket-cdp -> {"id":1003,"result":{}}
pocket-cdp <- {"id":1004,"method":"Debugger.enable","params":{}}
pocket-cdp -> {"method":"Debugger.scriptParsed","params":{"embedderName":"pocket:///scripts/components.js","endColumn":0,"endLine":36,"executionContextAuxData":{"isDefault":true},"executionContextId":1,"hasSourceURL":false,"hash":"78347b5d88284a70","isLiveEdit":false,"isModule":true,"length":1586,"scriptId":"1","scriptLanguage":"JavaScript","sourceMapURL":"data:application/json;charset=utf-8;base64,eyJmaWxlIjoi
pocket-cdp -> {"method":"Debugger.scriptParsed","params":{"embedderName":"pocket:///scripts/main.js","endColumn":0,"endLine":21,"executionContextAuxData":{"isDefault":true},"executionContextId":1,"hasSourceURL":false,"hash":"7b4f45316aba89d6","isLiveEdit":false,"isModule":true,"length":488,"scriptId":"2","scriptLanguage":"JavaScript","sourceMapURL":"data:application/json;charset=utf-8;base64,eyJmaWxlIjoibWFpbi5
pocket-cdp -> {"method":"Debugger.scriptParsed","params":{"embedderName":"pocket:///scripts/rules.js","endColumn":0,"endLine":112,"executionContextAuxData":{"isDefault":true},"executionContextId":1,"hasSourceURL":false,"hash":"c9d21f078c797284","isLiveEdit":false,"isModule":true,"length":3496,"scriptId":"3","scriptLanguage":"JavaScript","sourceMapURL":"data:application/json;charset=utf-8;base64,eyJmaWxlIjoicnVs
pocket-cdp -> {"id":1004,"result":{"debuggerId":"pocket-game-debugger"}}
pocket-cdp <- {"id":1005,"method":"Runtime.enable","params":{}}
pocket-cdp -> {"method":"Runtime.executionContextCreated","params":{"context":{"auxData":{"isDefault":true},"id":1,"name":"Pocket3D: sailing","origin":"","uniqueId":"pocket-game-1"}}}
pocket-cdp -> {"id":1005,"result":{}}
pocket-cdp <- {"id":1006,"method":"Profiler.enable","params":{}}
pocket-cdp -> {"id":1006,"result":{}}
pocket-cdp <- {"id":1007,"method":"Debugger.enable","params":{}}
pocket-cdp -> {"method":"Debugger.scriptParsed","params":{"embedderName":"pocket:///scripts/components.js","endColumn":0,"endLine":36,"executionContextAuxData":{"isDefault":true},"executionContextId":1,"hasSourceURL":false,"hash":"78347b5d88284a70","isLiveEdit":false,"isModule":true,"length":1586,"scriptId":"1","scriptLanguage":"JavaScript","sourceMapURL":"data:application/json;charset=utf-8;base64,eyJmaWxlIjoi
pocket-cdp -> {"method":"Debugger.scriptParsed","params":{"embedderName":"pocket:///scripts/main.js","endColumn":0,"endLine":21,"executionContextAuxData":{"isDefault":true},"executionContextId":1,"hasSourceURL":false,"hash":"7b4f45316aba89d6","isLiveEdit":false,"isModule":true,"length":488,"scriptId":"2","scriptLanguage":"JavaScript","sourceMapURL":"data:application/json;charset=utf-8;base64,eyJmaWxlIjoibWFpbi5
pocket-cdp -> {"method":"Debugger.scriptParsed","params":{"embedderName":"pocket:///scripts/rules.js","endColumn":0,"endLine":112,"executionContextAuxData":{"isDefault":true},"executionContextId":1,"hasSourceURL":false,"hash":"c9d21f078c797284","isLiveEdit":false,"isModule":true,"length":3496,"scriptId":"3","scriptLanguage":"JavaScript","sourceMapURL":"data:application/json;charset=utf-8;base64,eyJmaWxlIjoicnVs
pocket-cdp -> {"id":1007,"result":{"debuggerId":"pocket-game-debugger"}}
pocket-cdp <- {"id":1008,"method":"Debugger.setAsyncCallStackDepth","params":{"maxDepth":32}}
pocket-cdp -> {"id":1008,"result":{}}
pocket-cdp <- {"id":1009,"method":"Runtime.evaluate","params":{"expression":"(()=>{let t=[\"instantiate\",\"instantiateStreaming\",\"compile\",\"compileStreaming\"];for(let e of t){let r=WebAssembly[e];WebAssembly[e]=function(...n){return r.apply(this,n).then(i=>{if(!(n[0]instanceof WebAssembly.Module))debugger;return i})}}})();\n\n//# sourceURL=eval-a6fd5dbb.cdp\n","silent":true,"contextId":1}}
pocket-cdp -> {"id":1009,"result":{"result":{"type":"undefined"}}}
pocket-cdp <- {"id":1010,"method":"Debugger.setBreakpointByUrl","params":{"url":"pocket:///scripts/rules.js","lineNumber":39,"columnNumber":3}}
pocket-cdp -> {"id":1010,"result":{"breakpointId":"bp1","locations":[{"columnNumber":3,"lineNumber":39,"scriptId":"3"}]}}
pocket-cdp <- {"id":1011,"method":"Runtime.runIfWaitingForDebugger","params":{}}
pocket-cdp -> {"id":1011,"result":{}}
pocket-cdp <- {"id":1012,"method":"Runtime.evaluate","params":{"contextId":1,"returnByValue":true,"expression":"typeof process === 'undefined' || process.pid === undefined ? 'process not defined' : ({ processId: process.pid, nodeVersion: process.version, architecture: process.arch })\n//# sourceURL=eval-6579bec2.cdp\n"}}
pocket-cdp -> {"id":1012,"result":{"result":{"type":"string","value":"process not defined"}}}
pocket-cdp -> {"method":"Debugger.paused","params":{"callFrames":[{"callFrameId":"0","canBeRestarted":false,"functionName":"","location":{"columnNumber":3,"lineNumber":39,"scriptId":"3"},"scopeChain":[{"name":"Local","object":{"className":"Object","description":"Local","objectId":"p1:s1","type":"object"},"type":"local"},{"name":"Closure","object":{"className":"Object","description":"Closure","objectId":"p1:s2",
pocket-cdp <- {"id":1013,"method":"Runtime.evaluate","params":{"contextId":1,"returnByValue":true,"expression":"typeof Deno==='object'?'deno':typeof process==='undefined'||process.pid===undefined?'process not defined':(()=>{process.env[\"NODE_OPTIONS\"]=(process.env[\"NODE_OPTIONS\"]||'')+\" --require \\\"/Applications/Visual Studio Code.app/Contents/Resources/app/extensions/ms-vscode.js-debug/src/bootloader.js
pocket-cdp -> {"id":1013,"result":{"result":{"type":"string","value":"process not defined"}}}
pocket-cdp <- {"id":1014,"method":"Runtime.getProperties","params":{"objectId":"p1:s1","accessorPropertiesOnly":true,"ownProperties":false,"generatePreview":true}}
pocket-cdp -> {"id":1014,"result":{"result":[]}}
pocket-cdp <- {"id":1015,"method":"Runtime.getProperties","params":{"objectId":"p1:s1","ownProperties":true,"generatePreview":true}}
pocket-cdp -> {"id":1015,"result":{"internalProperties":[],"result":[{"configurable":true,"enumerable":true,"isOwn":true,"name":"r","value":{"description":"0","type":"number","value":0},"writable":true},{"configurable":true,"enumerable":true,"isOwn":true,"name":"e","value":{"description":"3","type":"number","value":3.0},"writable":true},{"configurable":true,"enumerable":true,"isOwn":true,"name":"speed","value":
pocket-cdp <- {"id":1016,"method":"Runtime.callFunctionOn","params":{"functionDeclaration":"function(){return[Symbol.for(\"debug.description\"),Symbol.for(\"nodejs.util.inspect.custom\"),Symbol.for(\"debug.properties\")]\n//# sourceURL=eval-34d9d2be.cdp\n}","arguments":[],"objectId":"p1:s1"}}
pocket-cdp -> {"id":1016,"result":{"result":{"className":"Array","description":"Array(3)","objectId":"p1:o7","preview":{"description":"Array(3)","overflow":false,"properties":[{"name":"0","type":"symbol","value":""},{"name":"1","type":"symbol","value":""},{"name":"2","type":"symbol","value":""},{"name":"length","type":"number","value":"3"}],"subtype":"array","type":"object"},"subtype":"array","type":"object"}}}
pocket-cdp <- {"id":1017,"method":"Runtime.callFunctionOn","params":{"functionDeclaration":"function(...runtimeArgs){let t=1024;let e=null;let r=!1,n={},i=\"<<default preview>>\";if(typeof this!=\"object\"||!this)return n;for(let o of Object.keys(this)){let s;try{s=this[o]}catch{continue}if(e)try{let a=e.call(s,i);if(a!==i){n[o]=String(a);continue}}catch(a){n[o]=`<<indescribable>>${JSON.stringify([String(a),o])
pocket-cdp -> {"id":1017,"result":{"result":{"className":"Object","description":"Object","type":"object","value":{"customProps":false,"out":{}}}}}
pocket-cdp <- {"id":1018,"method":"Runtime.getProperties","params":{"objectId":"p1:s2","accessorPropertiesOnly":true,"ownProperties":false,"generatePreview":true}}
pocket-cdp -> {"id":1018,"result":{"result":[]}}
pocket-cdp <- {"id":1019,"method":"Runtime.getProperties","params":{"objectId":"p1:s2","ownProperties":true,"generatePreview":true}}
pocket-cdp -> {"id":1019,"result":{"internalProperties":[],"result":[{"configurable":true,"enumerable":true,"isOwn":true,"name":"b","value":{"className":"Object","description":"Object","objectId":"p1:o8","preview":{"description":"Object","overflow":false,"properties":[{"name":"hoist_now","subtype":"typedarray","type":"object","value":"Float64Array(1)"},{"name":"speed","subtype":"typedarray","type":"object","val
pocket-cdp <- {"id":1020,"method":"Runtime.callFunctionOn","params":{"functionDeclaration":"function(...runtimeArgs){let t=1024;let e=null;let r=!1,n={},i=\"<<default preview>>\";if(typeof this!=\"object\"||!this)return n;for(let o of Object.keys(this)){let s;try{s=this[o]}catch{continue}if(e)try{let a=e.call(s,i);if(a!==i){n[o]=String(a);continue}}catch(a){n[o]=`<<indescribable>>${JSON.stringify([String(a),o])
pocket-cdp -> {"id":1020,"result":{"result":{"className":"Object","description":"Object","type":"object","value":{"customProps":false,"out":{}}}}}
pocket-cdp <- {"id":1021,"method":"Runtime.getProperties","params":{"objectId":"p1:s2","accessorPropertiesOnly":true,"ownProperties":false,"generatePreview":true}}
pocket-cdp -> {"id":1021,"result":{"result":[]}}
pocket-cdp <- {"id":1022,"method":"Runtime.getProperties","params":{"objectId":"p1:s2","ownProperties":true,"generatePreview":true}}
pocket-cdp -> {"id":1022,"result":{"internalProperties":[],"result":[{"configurable":true,"enumerable":true,"isOwn":true,"name":"b","value":{"className":"Object","description":"Object","objectId":"p1:o11","preview":{"description":"Object","overflow":false,"properties":[{"name":"hoist_now","subtype":"typedarray","type":"object","value":"Float64Array(1)"},{"name":"speed","subtype":"typedarray","type":"object","va
pocket-cdp <- {"id":1023,"method":"Runtime.callFunctionOn","params":{"functionDeclaration":"function(...runtimeArgs){let t=1024;let e=null;let r=!1,n={},i=\"<<default preview>>\";if(typeof this!=\"object\"||!this)return n;for(let o of Object.keys(this)){let s;try{s=this[o]}catch{continue}if(e)try{let a=e.call(s,i);if(a!==i){n[o]=String(a);continue}}catch(a){n[o]=`<<indescribable>>${JSON.stringify([String(a),o])
pocket-cdp -> {"id":1023,"result":{"result":{"className":"Object","description":"Object","type":"object","value":{"customProps":false,"out":{}}}}}
pocket-cdp <- {"id":1024,"method":"Runtime.getProperties","params":{"objectId":"p1:o13","accessorPropertiesOnly":true,"ownProperties":false,"generatePreview":true}}
pocket-cdp -> {"id":1024,"result":{"result":[]}}
pocket-cdp <- {"id":1025,"method":"Runtime.getProperties","params":{"objectId":"p1:o13","ownProperties":true,"generatePreview":true}}
pocket-cdp -> {"id":1025,"result":{"internalProperties":[],"result":[{"configurable":true,"enumerable":true,"isOwn":true,"name":"tick","value":{"description":"1","type":"number","value":1},"writable":true},{"configurable":true,"enumerable":true,"isOwn":true,"name":"dt","value":{"description":"0.016666666666666666","type":"number","value":0.016666666666666666},"writable":true},{"configurable":true,"enumerable":t
pocket-cdp <- {"id":1026,"method":"Runtime.callFunctionOn","params":{"functionDeclaration":"function(...runtimeArgs){let t=1024;let e=null;let r=!1,n={},i=\"<<default preview>>\";if(typeof this!=\"object\"||!this)return n;for(let o of Object.keys(this)){let s;try{s=this[o]}catch{continue}if(e)try{let a=e.call(s,i);if(a!==i){n[o]=String(a);continue}}catch(a){n[o]=`<<indescribable>>${JSON.stringify([String(a),o])
pocket-cdp -> {"id":1026,"result":{"result":{"className":"Object","description":"Object","type":"object","value":{"customProps":false,"out":{}}}}}
pocket-cdp <- {"id":1027,"method":"Runtime.getProperties","params":{"objectId":"p1:o18","ownProperties":true,"nonIndexedPropertiesOnly":true}}
pocket-cdp -> {"id":1027,"result":{"internalProperties":[],"result":[{"configurable":true,"enumerable":false,"isOwn":true,"name":"length","value":{"description":"1","type":"number","value":1},"writable":true},{"configurable":true,"enumerable":false,"isOwn":true,"name":"name","value":{"type":"string","value":"rngFor"},"writable":true}]}}
pocket-cdp <- {"id":1028,"method":"Runtime.getProperties","params":{"objectId":"p1:o19","ownProperties":true,"nonIndexedPropertiesOnly":true}}
pocket-cdp -> {"id":1028,"result":{"internalProperties":[],"result":[{"configurable":true,"enumerable":false,"isOwn":true,"name":"length","value":{"description":"0","type":"number","value":0},"writable":true},{"configurable":true,"enumerable":false,"isOwn":true,"name":"name","value":{"type":"string","value":"rngNamed"},"writable":true}]}}
pocket-cdp <- {"id":1029,"method":"Runtime.getProperties","params":{"objectId":"p1:o20","ownProperties":true,"nonIndexedPropertiesOnly":true}}
pocket-cdp -> {"id":1029,"result":{"internalProperties":[],"result":[{"configurable":true,"enumerable":false,"isOwn":true,"name":"length","value":{"description":"0","type":"number","value":0},"writable":true},{"configurable":true,"enumerable":false,"isOwn":true,"name":"name","value":{"type":"string","value":"rngTimeless"},"writable":true}]}}
pocket-cdp <- {"id":1030,"method":"Runtime.getProperties","params":{"objectId":"p1:o21","ownProperties":true,"nonIndexedPropertiesOnly":true}}
pocket-cdp -> {"id":1030,"result":{"internalProperties":[],"result":[{"configurable":true,"enumerable":false,"isOwn":true,"name":"length","value":{"description":"1","type":"number","value":1},"writable":true},{"configurable":true,"enumerable":false,"isOwn":true,"name":"name","value":{"type":"string","value":"single"},"writable":true}]}}
pocket-cdp <- {"id":1031,"method":"Runtime.getProperties","params":{"objectId":"p1:o22","ownProperties":true,"nonIndexedPropertiesOnly":true}}
pocket-cdp -> {"id":1031,"result":{"internalProperties":[],"result":[{"configurable":true,"enumerable":false,"isOwn":true,"name":"length","value":{"description":"1","type":"number","value":1},"writable":true},{"configurable":true,"enumerable":false,"isOwn":true,"name":"name","value":{"type":"string","value":"query"},"writable":true}]}}
pocket-cdp <- {"id":1032,"method":"Runtime.getProperties","params":{"objectId":"p1:o23","ownProperties":true,"nonIndexedPropertiesOnly":true}}
pocket-cdp -> {"id":1032,"result":{"internalProperties":[],"result":[{"configurable":true,"enumerable":false,"isOwn":true,"name":"length","value":{"description":"3","type":"number","value":3},"writable":true},{"configurable":true,"enumerable":false,"isOwn":true,"name":"name","value":{"type":"string","value":"emit"},"writable":true}]}}
pocket-cdp <- {"id":1033,"method":"Runtime.getProperties","params":{"objectId":"p1:o24","ownProperties":true,"nonIndexedPropertiesOnly":true}}
pocket-cdp -> {"id":1033,"result":{"internalProperties":[],"result":[{"configurable":true,"enumerable":false,"isOwn":true,"name":"length","value":{"description":"3","type":"number","value":3},"writable":true},{"configurable":true,"enumerable":false,"isOwn":true,"name":"name","value":{"type":"string","value":"intent"},"writable":true}]}}
pocket-cdp <- {"id":1034,"method":"Debugger.evaluateOnCallFrame","params":{"expression":"ctx.system + ' r=' + r\n//# sourceURL=eval-add447bc.repl\n","includeCommandLineAPI":true,"objectGroup":"console","generatePreview":true,"callFrameId":"0"}}
pocket-cdp -> {"id":1034,"result":{"result":{"type":"string","value":"log r=0"}}}
pocket-cdp <- {"id":1035,"method":"Debugger.evaluateOnCallFrame","params":{"expression":"b.speed","includeCommandLineAPI":true,"objectGroup":"console","generatePreview":true,"timeout":500,"callFrameId":"0"}}
pocket-cdp -> {"id":1035,"result":{"result":{"className":"Float64Array","description":"Float64Array(1)","objectId":"p1:o25","preview":{"description":"Float64Array(1)","overflow":false,"properties":[{"name":"0","type":"number","value":"0.0"}],"subtype":"typedarray","type":"object"},"subtype":"typedarray","type":"object"}}}
pocket-cdp <- {"id":1036,"method":"Debugger.stepOver","params":{}}
pocket-cdp -> {"id":1036,"result":{}}
pocket-cdp -> {"method":"Debugger.resumed","params":{}}
pocket-cdp -> {"method":"Debugger.paused","params":{"callFrames":[{"callFrameId":"0","canBeRestarted":false,"functionName":"","location":{"columnNumber":3,"lineNumber":40,"scriptId":"3"},"scopeChain":[{"name":"Local","object":{"className":"Object","description":"Local","objectId":"p2:s1","type":"object"},"type":"local"},{"name":"Closure","object":{"className":"Object","description":"Closure","objectId":"p2:s2",
pocket-cdp <- {"id":1037,"method":"Debugger.removeBreakpoint","params":{"breakpointId":"bp1"}}
pocket-cdp -> {"id":1037,"result":{}}
pocket-cdp <- {"id":1038,"method":"Debugger.resume","params":{}}
pocket-cdp -> {"id":1038,"result":{}}
pocket-cdp -> {"method":"Debugger.resumed","params":{}}
pocket-cdp <- {"id":1039,"method":"Runtime.evaluate","params":{"contextId":1,"returnByValue":true,"expression":"typeof process === 'undefined' || process.pid === undefined ? 'process not defined' : ({ processId: process.pid, nodeVersion: process.version, architecture: process.arch })\n//# sourceURL=eval-7ec9c863.cdp\n"}}
pocket-cdp -> {"id":1039,"result":{"result":{"type":"undefined"}}}
pocket-cdp <- {"id":1040,"method":"Runtime.evaluate","params":{"contextId":1,"returnByValue":true,"expression":"typeof Deno==='object'?'deno':typeof process==='undefined'||process.pid===undefined?'process not defined':(()=>{process.env[\"NODE_OPTIONS\"]=(process.env[\"NODE_OPTIONS\"]||'')+\" --require \\\"/Applications/Visual Studio Code.app/Contents/Resources/app/extensions/ms-vscode.js-debug/src/bootloader.js
pocket-cdp -> {"id":1040,"result":{"result":{"type":"undefined"}}}
pocket-cdp: client 1 detached
